// Jest Snapshot v1, https://goo.gl/fbAQLP

exports[`no image keeps intact HTML without image 1`] = `
"<!DOCTYPE html>
<html>
  <body>
    <p>Hello</p>
  </body>
</html>
"
`;
